{
  "status": "PASS",
  "node": "v24.21.0",
  "asset": "docs/assets/payload-ad1c1b266d32496813d39883c1c5b9f3e8d6612368a430e3e04ea5a8d3635b66.js",
  "asset_bytes": 5406182,
  "compressed_bytes": 4054572,
  "decoded_sha256": "f5ad57823a68d85b237cd930e07c3815847c472783c5740efc03ba23c5e05400",
  "exact_bytes": true,
  "all_payload_fields_deep_equal": true,
  "decode": {
    "before": {
      "samples_ms": [
        269.95679999999993,
        252.73649999999998,
        256.3128999999999,
        254.4497999999994,
        254.04170000000067,
        253.7491
      ],
      "median_ms": 254.4497999999994
    },
    "after": {
      "samples_ms": [
        9.932400000000143,
        9.675400000000081,
        8.195600000000013,
        7.91150000000016,
        8.983400000000074,
        8.11449999999968
      ],
      "median_ms": 8.983400000000074
    }
  },
  "decode_decompress_parse": {
    "before": {
      "samples_ms": [
        411.1283000000003,
        393.1300000000001,
        420.6782000000003,
        404.89130000000023,
        385.4188000000004,
        382.28020000000015
      ],
      "median_ms": 404.89130000000023
    },
    "after": {
      "samples_ms": [
        145.30279999999993,
        136.4108000000001,
        138.7876000000001,
        132.41649999999936,
        133.22590000000037,
        130.8091999999997
      ],
      "median_ms": 136.4108000000001
    }
  },
  "browser": false
}
